---
http_interactions:
- request:
    method: get
    uri: https://cartodb-rb-client.cartodb.com/api/v1/tables?
    body:
      encoding: US-ASCII
      string: ''
    headers:
      Accept:
      - &70259176453560 !ruby/object:MIME::Type
        content_type: application/json
        raw_media_type: application
        raw_sub_type: json
        simplified: application/json
        media_type: application
        sub_type: json
        extensions:
        - json
        encoding: 8bit
        system: !!null 
        registered: true
        url:
        - IANA
        - RFC4627
        obsolete: !!null 
        docs: !!null 
      Authorization:
      - OAuth oauth_consumer_key="0gRpcgKQK8bpcvSzM5ED4NqaSbNQ8ivS4q0pVdJF", oauth_nonce="yOmdUL8ZBceqNSYzAM9KDDRqnRcvzjKsQUZ5ZefeU",
        oauth_signature="aV8EWQKpdHW%2B7pHPnzEih%2B7tiig%3D", oauth_signature_method="HMAC-SHA1",
        oauth_timestamp="1337784741", oauth_token="7PalByYmKY8Dzh76fnt05e0YPXRJino0dyqHZYCw",
        oauth_version="1.0"
  response:
    status:
      code: 200
      message: OK
    headers:
      Server:
      - nginx
      Date:
      - Wed, 23 May 2012 14:52:21 GMT
      Content-Type:
      - application/json; charset=utf-8
      Transfer-Encoding:
      - chunked
      Connection:
      - keep-alive
      Vary:
      - Accept-Encoding
      Status:
      - 200 OK
      Etag:
      - ! '"d38cbc6fe8748444b5bc161dcdf4df91"'
      Cache-Control:
      - max-age=0, private, must-revalidate
      X-Ua-Compatible:
      - IE=Edge,chrome=1
      Set-Cookie:
      - _cartodb_session=BAh7B0kiD3Nlc3Npb25faWQGOgZFRiIlMmJlMmZhMzQ3NGU4YzEyYWQ3YjNhMzIxNDM4NWYzZGVJIiZ3YXJkZW4udXNlci5jYXJ0b2RiLXJiLWNsaWVudC5rZXkGOwBUSSIWY2FydG9kYi1yYi1jbGllbnQGOwBU--09706465dc3bac0c5c4644eee4102c65f5d3f017;
        domain=.cartodb.com; path=/; HttpOnly
      X-Runtime:
      - '0.009549'
      Content-Encoding:
      - gzip
    body:
      encoding: ASCII-8BIT
      string: ! '{"total_entries":0,"tables":[]}'
    http_version: '1.1'
  recorded_at: Wed, 23 May 2012 14:52:21 GMT
- request:
    method: get
    uri: https://cartodb-rb-client.cartodb.com/api/v1/tables/moto_gp_circuit?
    body:
      encoding: US-ASCII
      string: ''
    headers:
      Accept:
      - *70259176453560
      Authorization:
      - OAuth oauth_consumer_key="0gRpcgKQK8bpcvSzM5ED4NqaSbNQ8ivS4q0pVdJF", oauth_nonce="Faa5CUqGFldT4DZTxm47XvEXHObGXSR64UxPF91A0",
        oauth_signature="7haBQEMqscMEMd%2FgIhJlAT5ygfY%3D", oauth_signature_method="HMAC-SHA1",
        oauth_timestamp="1337784741", oauth_token="7PalByYmKY8Dzh76fnt05e0YPXRJino0dyqHZYCw",
        oauth_version="1.0"
  response:
    status:
      code: 404
      message: Not Found
    headers:
      Server:
      - nginx
      Date:
      - Wed, 23 May 2012 14:52:21 GMT
      Content-Type:
      - application/json; charset=utf-8
      Transfer-Encoding:
      - chunked
      Connection:
      - keep-alive
      Vary:
      - Accept-Encoding
      Status:
      - 404 Not Found
      Cache-Control:
      - no-cache
      X-Ua-Compatible:
      - IE=Edge,chrome=1
      Set-Cookie:
      - _cartodb_session=BAh7B0kiD3Nlc3Npb25faWQGOgZFRiIlZGFjZWViMzBkZDI0MTdkMjAxNzE5Y2JkZDdiNDM3YzNJIiZ3YXJkZW4udXNlci5jYXJ0b2RiLXJiLWNsaWVudC5rZXkGOwBUSSIWY2FydG9kYi1yYi1jbGllbnQGOwBU--db878a9a5c8c34abdea4b9d9bf32edb49767563d;
        domain=.cartodb.com; path=/; HttpOnly
      X-Runtime:
      - '0.009337'
      Content-Encoding:
      - gzip
    body:
      encoding: ASCII-8BIT
      string: ! ' '
    http_version: '1.1'
  recorded_at: Wed, 23 May 2012 14:52:21 GMT
- request:
    method: get
    uri: https://cartodb-rb-client.cartodb.com/api/v1/tables/moto_gp_circuit?
    body:
      encoding: US-ASCII
      string: ''
    headers:
      Accept:
      - *70259176453560
      Authorization:
      - OAuth oauth_consumer_key="0gRpcgKQK8bpcvSzM5ED4NqaSbNQ8ivS4q0pVdJF", oauth_nonce="PG7HTa3anGoPVcAIfkJy41QhtNY74eMViBDUfRfOd0",
        oauth_signature="Qge1MUjhWgs9qWy1Ftj%2BZYqyiTk%3D", oauth_signature_method="HMAC-SHA1",
        oauth_timestamp="1337784741", oauth_token="7PalByYmKY8Dzh76fnt05e0YPXRJino0dyqHZYCw",
        oauth_version="1.0"
  response:
    status:
      code: 404
      message: Not Found
    headers:
      Server:
      - nginx
      Date:
      - Wed, 23 May 2012 14:52:21 GMT
      Content-Type:
      - application/json; charset=utf-8
      Transfer-Encoding:
      - chunked
      Connection:
      - keep-alive
      Vary:
      - Accept-Encoding
      Status:
      - 404 Not Found
      Cache-Control:
      - no-cache
      X-Ua-Compatible:
      - IE=Edge,chrome=1
      Set-Cookie:
      - _cartodb_session=BAh7B0kiD3Nlc3Npb25faWQGOgZFRiIlMjEwMTQ0YTBmYTRjMTIzNDI5N2FlY2ViNjY1ZTlhZDdJIiZ3YXJkZW4udXNlci5jYXJ0b2RiLXJiLWNsaWVudC5rZXkGOwBUSSIWY2FydG9kYi1yYi1jbGllbnQGOwBU--c0d852b14607a5693b1d4aff3db3e0410855f0fd;
        domain=.cartodb.com; path=/; HttpOnly
      X-Runtime:
      - '0.009776'
      Content-Encoding:
      - gzip
    body:
      encoding: ASCII-8BIT
      string: ! ' '
    http_version: '1.1'
  recorded_at: Wed, 23 May 2012 14:52:21 GMT
- request:
    method: post
    uri: https://cartodb-rb-client.cartodb.com/api/v1/tables
    body:
      encoding: US-ASCII
      string: ''
    headers:
      Accept:
      - *70259176453560
      Authorization:
      - OAuth oauth_consumer_key="0gRpcgKQK8bpcvSzM5ED4NqaSbNQ8ivS4q0pVdJF", oauth_nonce="EArT8DdT8QnFqkw9woJyzmWiytq2ijE8kJwThmhFU",
        oauth_signature="4TPEIvU1alZSbUPj323ksdrIkmk%3D", oauth_signature_method="HMAC-SHA1",
        oauth_timestamp="1337784741", oauth_token="7PalByYmKY8Dzh76fnt05e0YPXRJino0dyqHZYCw",
        oauth_version="1.0"
  response:
    status:
      code: 200
      message: OK
    headers:
      Server:
      - nginx
      Date:
      - Wed, 23 May 2012 14:52:22 GMT
      Content-Type:
      - application/json; charset=utf-8
      Transfer-Encoding:
      - chunked
      Connection:
      - keep-alive
      Vary:
      - Accept-Encoding
      Status:
      - 200 OK
      Location:
      - /tables/4647
      Etag:
      - ! '"c39fdfe9e99004de17888dcd1c5ad519"'
      Cache-Control:
      - max-age=0, private, must-revalidate
      X-Ua-Compatible:
      - IE=Edge,chrome=1
      Set-Cookie:
      - _cartodb_session=BAh7B0kiD3Nlc3Npb25faWQGOgZFRiIlY2UwMTE2YzBmNDVlNGQ2ZjVkMWU1NGYxNWU3NDMzNmVJIiZ3YXJkZW4udXNlci5jYXJ0b2RiLXJiLWNsaWVudC5rZXkGOwBUSSIWY2FydG9kYi1yYi1jbGllbnQGOwBU--d4768cca0414f346dffc71bf8b602c7c5f43ddc0;
        domain=.cartodb.com; path=/; HttpOnly
      X-Runtime:
      - '0.689423'
      Content-Encoding:
      - gzip
    body:
      encoding: ASCII-8BIT
      string: ! '{"id":4647,"name":"moto_gp_circuit","schema":[["cartodb_id","number"],["the_geom","geometry","geometry","point"],["description","string"],["name","string"],["created_at","date"],["updated_at","date"]]}'
    http_version: '1.1'
  recorded_at: Wed, 23 May 2012 14:52:22 GMT
- request:
    method: post
    uri: https://cartodb-rb-client.cartodb.com/api/v1/tables/moto_gp_circuit/columns
    body:
      encoding: US-ASCII
      string: ''
    headers:
      Accept:
      - *70259176453560
      Authorization:
      - OAuth oauth_consumer_key="0gRpcgKQK8bpcvSzM5ED4NqaSbNQ8ivS4q0pVdJF", oauth_nonce="YrcE7OoJX646mCy2wY3AoMeBC07x5hpD8VfsmLhx5aQ",
        oauth_signature="IoJh0fEvG83qq0lsK6EkKEGDByA%3D", oauth_signature_method="HMAC-SHA1",
        oauth_timestamp="1337784742", oauth_token="7PalByYmKY8Dzh76fnt05e0YPXRJino0dyqHZYCw",
        oauth_version="1.0"
  response:
    status:
      code: 200
      message: OK
    headers:
      Server:
      - nginx
      Date:
      - Wed, 23 May 2012 14:52:22 GMT
      Content-Type:
      - application/json; charset=utf-8
      Transfer-Encoding:
      - chunked
      Connection:
      - keep-alive
      Vary:
      - Accept-Encoding
      Status:
      - 200 OK
      Etag:
      - ! '"1d8ec3575e09ff60ecad35605669b22c"'
      Cache-Control:
      - max-age=0, private, must-revalidate
      X-Ua-Compatible:
      - IE=Edge,chrome=1
      Set-Cookie:
      - _cartodb_session=BAh7B0kiD3Nlc3Npb25faWQGOgZFRiIlNDA1MDRlOWYxY2EzMDJiZGU3NzEyN2M5NzA4M2EyZDFJIiZ3YXJkZW4udXNlci5jYXJ0b2RiLXJiLWNsaWVudC5rZXkGOwBUSSIWY2FydG9kYi1yYi1jbGllbnQGOwBU--91ff35aba0718bf62a0df6b1477cebf85270738f;
        domain=.cartodb.com; path=/; HttpOnly
      X-Runtime:
      - '0.117346'
      Content-Encoding:
      - gzip
    body:
      encoding: ASCII-8BIT
      string: ! '{"name":"length","type":"text","cartodb_type":"string"}'
    http_version: '1.1'
  recorded_at: Wed, 23 May 2012 14:52:22 GMT
- request:
    method: post
    uri: https://cartodb-rb-client.cartodb.com/api/v1/tables/moto_gp_circuit/columns
    body:
      encoding: US-ASCII
      string: ''
    headers:
      Accept:
      - *70259176453560
      Authorization:
      - OAuth oauth_consumer_key="0gRpcgKQK8bpcvSzM5ED4NqaSbNQ8ivS4q0pVdJF", oauth_nonce="p1fEcyRMgnQpuosWL9LNdtk4OrXqrTxJ95A6Q9Y9rdc",
        oauth_signature="0bBXWroUT%2BVYamcZMn%2FmvozThpY%3D", oauth_signature_method="HMAC-SHA1",
        oauth_timestamp="1337784742", oauth_token="7PalByYmKY8Dzh76fnt05e0YPXRJino0dyqHZYCw",
        oauth_version="1.0"
  response:
    status:
      code: 200
      message: OK
    headers:
      Server:
      - nginx
      Date:
      - Wed, 23 May 2012 14:52:22 GMT
      Content-Type:
      - application/json; charset=utf-8
      Transfer-Encoding:
      - chunked
      Connection:
      - keep-alive
      Vary:
      - Accept-Encoding
      Status:
      - 200 OK
      Etag:
      - ! '"e82b080654b5df6f5d5f582aae439d58"'
      Cache-Control:
      - max-age=0, private, must-revalidate
      X-Ua-Compatible:
      - IE=Edge,chrome=1
      Set-Cookie:
      - _cartodb_session=BAh7B0kiD3Nlc3Npb25faWQGOgZFRiIlNWI5ZmNmNTU2MGFhMjQ3YTUxZTM3NzBjODc3MDMzODRJIiZ3YXJkZW4udXNlci5jYXJ0b2RiLXJiLWNsaWVudC5rZXkGOwBUSSIWY2FydG9kYi1yYi1jbGllbnQGOwBU--682a45491a9bf58e9175af1a897a6efced7cbf06;
        domain=.cartodb.com; path=/; HttpOnly
      X-Runtime:
      - '0.048454'
      Content-Encoding:
      - gzip
    body:
      encoding: ASCII-8BIT
      string: ! '{"name":"width","type":"text","cartodb_type":"string"}'
    http_version: '1.1'
  recorded_at: Wed, 23 May 2012 14:52:22 GMT
- request:
    method: post
    uri: https://cartodb-rb-client.cartodb.com/api/v1/tables/moto_gp_circuit/columns
    body:
      encoding: US-ASCII
      string: ''
    headers:
      Accept:
      - *70259176453560
      Authorization:
      - OAuth oauth_consumer_key="0gRpcgKQK8bpcvSzM5ED4NqaSbNQ8ivS4q0pVdJF", oauth_nonce="RFY11n7nOD4nxKcsDAdykH9Gk2qIJG2Ze8hLZmPlzs",
        oauth_signature="kiZiUVPMsPrg44bO1cOmm4p4BFE%3D", oauth_signature_method="HMAC-SHA1",
        oauth_timestamp="1337784742", oauth_token="7PalByYmKY8Dzh76fnt05e0YPXRJino0dyqHZYCw",
        oauth_version="1.0"
  response:
    status:
      code: 200
      message: OK
    headers:
      Server:
      - nginx
      Date:
      - Wed, 23 May 2012 14:52:22 GMT
      Content-Type:
      - application/json; charset=utf-8
      Transfer-Encoding:
      - chunked
      Connection:
      - keep-alive
      Vary:
      - Accept-Encoding
      Status:
      - 200 OK
      Etag:
      - ! '"72d9dc37fa77b74502b76efdaff059d5"'
      Cache-Control:
      - max-age=0, private, must-revalidate
      X-Ua-Compatible:
      - IE=Edge,chrome=1
      Set-Cookie:
      - _cartodb_session=BAh7B0kiD3Nlc3Npb25faWQGOgZFRiIlY2ZmNWYwMjRhNzgzYzZiZTRmZjA5NzM3MTFlYTRiMjJJIiZ3YXJkZW4udXNlci5jYXJ0b2RiLXJiLWNsaWVudC5rZXkGOwBUSSIWY2FydG9kYi1yYi1jbGllbnQGOwBU--41c5f4c310fee99baecd959479bbf411ee96ddd6;
        domain=.cartodb.com; path=/; HttpOnly
      X-Runtime:
      - '0.062896'
      Content-Encoding:
      - gzip
    body:
      encoding: ASCII-8BIT
      string: ! '{"name":"longest_straight","type":"text","cartodb_type":"string"}'
    http_version: '1.1'
  recorded_at: Wed, 23 May 2012 14:52:22 GMT
- request:
    method: post
    uri: https://cartodb-rb-client.cartodb.com/api/v1/tables/moto_gp_circuit/columns
    body:
      encoding: US-ASCII
      string: ''
    headers:
      Accept:
      - *70259176453560
      Authorization:
      - OAuth oauth_consumer_key="0gRpcgKQK8bpcvSzM5ED4NqaSbNQ8ivS4q0pVdJF", oauth_nonce="Kjj64cY7w9qGAcLZRhTvbm8DhcaKWkOdam1VrLet5I",
        oauth_signature="qHZVFWQaz1qVl%2FeDtaqnewQrnwI%3D", oauth_signature_method="HMAC-SHA1",
        oauth_timestamp="1337784742", oauth_token="7PalByYmKY8Dzh76fnt05e0YPXRJino0dyqHZYCw",
        oauth_version="1.0"
  response:
    status:
      code: 200
      message: OK
    headers:
      Server:
      - nginx
      Date:
      - Wed, 23 May 2012 14:52:23 GMT
      Content-Type:
      - application/json; charset=utf-8
      Transfer-Encoding:
      - chunked
      Connection:
      - keep-alive
      Vary:
      - Accept-Encoding
      Status:
      - 200 OK
      Etag:
      - ! '"b602480fcc0e512dc48fc82a407d693c"'
      Cache-Control:
      - max-age=0, private, must-revalidate
      X-Ua-Compatible:
      - IE=Edge,chrome=1
      Set-Cookie:
      - _cartodb_session=BAh7B0kiD3Nlc3Npb25faWQGOgZFRiIlOTQwMTgzODY1NDE0MWFmNGQ1MTdmMzkxMDE2MTBiNWZJIiZ3YXJkZW4udXNlci5jYXJ0b2RiLXJiLWNsaWVudC5rZXkGOwBUSSIWY2FydG9kYi1yYi1jbGllbnQGOwBU--3caf3eb41d9fdf3d1c669f6fb55fa21ac54123de;
        domain=.cartodb.com; path=/; HttpOnly
      X-Runtime:
      - '0.029786'
      Content-Encoding:
      - gzip
    body:
      encoding: ASCII-8BIT
      string: ! '{"name":"left_corners","type":"numeric","cartodb_type":"number"}'
    http_version: '1.1'
  recorded_at: Wed, 23 May 2012 14:52:23 GMT
- request:
    method: post
    uri: https://cartodb-rb-client.cartodb.com/api/v1/tables/moto_gp_circuit/columns
    body:
      encoding: US-ASCII
      string: ''
    headers:
      Accept:
      - *70259176453560
      Authorization:
      - OAuth oauth_consumer_key="0gRpcgKQK8bpcvSzM5ED4NqaSbNQ8ivS4q0pVdJF", oauth_nonce="sbKB7q3Ii4CNXGRSaKjfsVN6sjMFZgoJtuWWxMG7kA",
        oauth_signature="wj9qhV8FtTE3aB8lZ%2Fy2FpxsO78%3D", oauth_signature_method="HMAC-SHA1",
        oauth_timestamp="1337784743", oauth_token="7PalByYmKY8Dzh76fnt05e0YPXRJino0dyqHZYCw",
        oauth_version="1.0"
  response:
    status:
      code: 200
      message: OK
    headers:
      Server:
      - nginx
      Date:
      - Wed, 23 May 2012 14:52:23 GMT
      Content-Type:
      - application/json; charset=utf-8
      Transfer-Encoding:
      - chunked
      Connection:
      - keep-alive
      Vary:
      - Accept-Encoding
      Status:
      - 200 OK
      Etag:
      - ! '"2830789a168cdfba40b91cbc98711d74"'
      Cache-Control:
      - max-age=0, private, must-revalidate
      X-Ua-Compatible:
      - IE=Edge,chrome=1
      Set-Cookie:
      - _cartodb_session=BAh7B0kiD3Nlc3Npb25faWQGOgZFRiIlMmMyNTljMDlmZjQ0OTNiYjM2ZjUxNmMyZjc0ODdjYTRJIiZ3YXJkZW4udXNlci5jYXJ0b2RiLXJiLWNsaWVudC5rZXkGOwBUSSIWY2FydG9kYi1yYi1jbGllbnQGOwBU--1cfa4667ed1dbf6ad06cbc12d2aa1ffef4f32293;
        domain=.cartodb.com; path=/; HttpOnly
      X-Runtime:
      - '0.047509'
      Content-Encoding:
      - gzip
    body:
      encoding: ASCII-8BIT
      string: ! '{"name":"right_corners","type":"numeric","cartodb_type":"number"}'
    http_version: '1.1'
  recorded_at: Wed, 23 May 2012 14:52:23 GMT
- request:
    method: post
    uri: https://cartodb-rb-client.cartodb.com/api/v1/tables/moto_gp_circuit/columns
    body:
      encoding: US-ASCII
      string: ''
    headers:
      Accept:
      - *70259176453560
      Authorization:
      - OAuth oauth_consumer_key="0gRpcgKQK8bpcvSzM5ED4NqaSbNQ8ivS4q0pVdJF", oauth_nonce="mS3maKZBaQ9DoA2CHdjftVOKpSklWg30zC8FQo3g",
        oauth_signature="DAxXQG4zep6BKAjFqovF2C7iIfA%3D", oauth_signature_method="HMAC-SHA1",
        oauth_timestamp="1337784743", oauth_token="7PalByYmKY8Dzh76fnt05e0YPXRJino0dyqHZYCw",
        oauth_version="1.0"
  response:
    status:
      code: 200
      message: OK
    headers:
      Server:
      - nginx
      Date:
      - Wed, 23 May 2012 14:52:23 GMT
      Content-Type:
      - application/json; charset=utf-8
      Transfer-Encoding:
      - chunked
      Connection:
      - keep-alive
      Vary:
      - Accept-Encoding
      Status:
      - 200 OK
      Etag:
      - ! '"b4f11f170f581e46523ca91965371c28"'
      Cache-Control:
      - max-age=0, private, must-revalidate
      X-Ua-Compatible:
      - IE=Edge,chrome=1
      Set-Cookie:
      - _cartodb_session=BAh7B0kiD3Nlc3Npb25faWQGOgZFRiIlMzI1NmQ1YzFjZmRhNDU4NmQ1YzJkNDk0NzE4NTdhNmRJIiZ3YXJkZW4udXNlci5jYXJ0b2RiLXJiLWNsaWVudC5rZXkGOwBUSSIWY2FydG9kYi1yYi1jbGllbnQGOwBU--2c21e3918506539a7294278a9f26a5ef491e66a5;
        domain=.cartodb.com; path=/; HttpOnly
      X-Runtime:
      - '0.204809'
      Content-Encoding:
      - gzip
    body:
      encoding: ASCII-8BIT
      string: ! '{"name":"constructed","type":"timestamp","cartodb_type":"date"}'
    http_version: '1.1'
  recorded_at: Wed, 23 May 2012 14:52:23 GMT
- request:
    method: post
    uri: https://cartodb-rb-client.cartodb.com/api/v1/tables/moto_gp_circuit/columns
    body:
      encoding: US-ASCII
      string: ''
    headers:
      Accept:
      - *70259176453560
      Authorization:
      - OAuth oauth_consumer_key="0gRpcgKQK8bpcvSzM5ED4NqaSbNQ8ivS4q0pVdJF", oauth_nonce="edGAolAzfPVApNnMCVdnOvlnfPe1ARGvSVtQgPjAV0s",
        oauth_signature="rWelq%2Feb4OA9L0GUIFP2kgHLGM4%3D", oauth_signature_method="HMAC-SHA1",
        oauth_timestamp="1337784743", oauth_token="7PalByYmKY8Dzh76fnt05e0YPXRJino0dyqHZYCw",
        oauth_version="1.0"
  response:
    status:
      code: 200
      message: OK
    headers:
      Server:
      - nginx
      Date:
      - Wed, 23 May 2012 14:52:23 GMT
      Content-Type:
      - application/json; charset=utf-8
      Transfer-Encoding:
      - chunked
      Connection:
      - keep-alive
      Vary:
      - Accept-Encoding
      Status:
      - 200 OK
      Etag:
      - ! '"5b673b3f4b869a800810f0a965941052"'
      Cache-Control:
      - max-age=0, private, must-revalidate
      X-Ua-Compatible:
      - IE=Edge,chrome=1
      Set-Cookie:
      - _cartodb_session=BAh7B0kiD3Nlc3Npb25faWQGOgZFRiIlZmMxNzY5MDMxYjU4MjVmYjM3NzFiNTdiNDA0ZjRmOTdJIiZ3YXJkZW4udXNlci5jYXJ0b2RiLXJiLWNsaWVudC5rZXkGOwBUSSIWY2FydG9kYi1yYi1jbGllbnQGOwBU--89667e700563ab390f5644997e1d543798565794;
        domain=.cartodb.com; path=/; HttpOnly
      X-Runtime:
      - '0.076237'
      Content-Encoding:
      - gzip
    body:
      encoding: ASCII-8BIT
      string: ! '{"name":"modified","type":"timestamp","cartodb_type":"date"}'
    http_version: '1.1'
  recorded_at: Wed, 23 May 2012 14:52:23 GMT
- request:
    method: get
    uri: https://cartodb-rb-client.cartodb.com/api/v1/tables/moto_gp_circuit?
    body:
      encoding: US-ASCII
      string: ''
    headers:
      Accept:
      - *70259176453560
      Authorization:
      - OAuth oauth_consumer_key="0gRpcgKQK8bpcvSzM5ED4NqaSbNQ8ivS4q0pVdJF", oauth_nonce="50evlGpC8LHlz6OufwGv3oC1BAmPF8sCLYt0H3Gug",
        oauth_signature="GAXzgrjtS%2BJQxG%2F1eSZR2lW%2Fy2s%3D", oauth_signature_method="HMAC-SHA1",
        oauth_timestamp="1337784743", oauth_token="7PalByYmKY8Dzh76fnt05e0YPXRJino0dyqHZYCw",
        oauth_version="1.0"
  response:
    status:
      code: 200
      message: OK
    headers:
      Server:
      - nginx
      Date:
      - Wed, 23 May 2012 14:52:23 GMT
      Content-Type:
      - application/json; charset=utf-8
      Transfer-Encoding:
      - chunked
      Connection:
      - keep-alive
      Vary:
      - Accept-Encoding
      Status:
      - 200 OK
      Etag:
      - ! '"dd2fe6203b48b85a54ec698bad75f225"'
      Cache-Control:
      - max-age=0, private, must-revalidate
      X-Ua-Compatible:
      - IE=Edge,chrome=1
      Set-Cookie:
      - _cartodb_session=BAh7B0kiD3Nlc3Npb25faWQGOgZFRiIlNDQzYjBkMzc2Mzc2NGM0NGIxMzcyOGIyMjc4MzFkMjNJIiZ3YXJkZW4udXNlci5jYXJ0b2RiLXJiLWNsaWVudC5rZXkGOwBUSSIWY2FydG9kYi1yYi1jbGllbnQGOwBU--9d18b133e7f1eaa5b2960c02f1f71534c096cb1b;
        domain=.cartodb.com; path=/; HttpOnly
      X-Runtime:
      - '0.016951'
      Content-Encoding:
      - gzip
    body:
      encoding: ASCII-8BIT
      string: ! '{"id":4647,"name":"moto_gp_circuit","privacy":"PUBLIC","tags":"","schema":[["cartodb_id","number"],["the_geom","geometry","geometry","point"],["constructed","date"],["description","string"],["left_corners","number"],["length","string"],["longest_straight","string"],["modified","date"],["name","string"],["right_corners","number"],["width","string"],["created_at","date"],["updated_at","date"]]}'
    http_version: '1.1'
  recorded_at: Wed, 23 May 2012 14:52:23 GMT
- request:
    method: get
    uri: https://cartodb-rb-client.cartodb.com/api/v1/tables/moto_gp_circuit/records?
    body:
      encoding: US-ASCII
      string: ''
    headers:
      Accept:
      - *70259176453560
      Authorization:
      - OAuth oauth_consumer_key="0gRpcgKQK8bpcvSzM5ED4NqaSbNQ8ivS4q0pVdJF", oauth_nonce="iggqCcoxKvzWXSS3EOLD6rADTPA7xvjFwJjYNlrRFa0",
        oauth_signature="Q0vVzqefOA%2BjZdVnySEqitCjHbs%3D", oauth_signature_method="HMAC-SHA1",
        oauth_timestamp="1337784743", oauth_token="7PalByYmKY8Dzh76fnt05e0YPXRJino0dyqHZYCw",
        oauth_version="1.0"
  response:
    status:
      code: 200
      message: OK
    headers:
      Server:
      - nginx
      Date:
      - Wed, 23 May 2012 14:52:23 GMT
      Content-Type:
      - application/json; charset=utf-8
      Transfer-Encoding:
      - chunked
      Connection:
      - keep-alive
      Vary:
      - Accept-Encoding
      Status:
      - 200 OK
      Etag:
      - ! '"1fbe850f3a8a017da29a9f745dd3a03d"'
      Cache-Control:
      - max-age=0, private, must-revalidate
      X-Ua-Compatible:
      - IE=Edge,chrome=1
      Set-Cookie:
      - _cartodb_session=BAh7B0kiD3Nlc3Npb25faWQGOgZFRiIlOGU0N2M3MmIzZmNmNzkxMWM4MGRmM2NhMzVlOTZmNzBJIiZ3YXJkZW4udXNlci5jYXJ0b2RiLXJiLWNsaWVudC5rZXkGOwBUSSIWY2FydG9kYi1yYi1jbGllbnQGOwBU--6a83451136350c77bd6df4fad336550a6c285656;
        domain=.cartodb.com; path=/; HttpOnly
      X-Runtime:
      - '0.021612'
      Content-Encoding:
      - gzip
    body:
      encoding: ASCII-8BIT
      string: ! '{"id":4647,"name":"moto_gp_circuit","total_rows":0,"rows":[]}'
    http_version: '1.1'
  recorded_at: Wed, 23 May 2012 14:52:23 GMT
recorded_with: VCR 2.1.1
